******************************************************************************
                     PRU Linker PC v2.3.3                      
******************************************************************************
>> Linked Mon Apr 25 10:43:02 2022

OUTPUT FILE NAME:   <LED.out>
ENTRY POINT SYMBOL: "_c_int00_noinit_noargs"  address: 00000000


MEMORY CONFIGURATION

         name            origin    length      used     unused   attr    fill
----------------------  --------  ---------  --------  --------  ----  --------
PAGE 0:
  PRUIRAM               00000000   00001000  000004d8  00000b28  RWIX

PAGE 1:
  PRUDRAM               00000000   00000200  00000080  00000180  RWIX


SECTION ALLOCATION MAP

 output                                  attributes/
section   page    origin      length       input sections
--------  ----  ----------  ----------   ----------------
.text:_c_int00* 
*          0    00000000    0000001c     
                  00000000    0000001c     rtspruv1_le.lib : boot.c.obj (.text:_c_int00_noinit_noargs)

.text      0    0000001c    000004bc     
                  0000001c    00000140     Drivers.lib : psc.obj (.text:PSCModuleControl)
                  0000015c    000000e4     main.obj (.text:main)
                  00000240    000000c4     Drivers.lib : gpio.obj (.text:GPIODirModeSet)
                  00000304    000000ac                 : gpio.obj (.text:GPIOPinWrite)
                  000003b0    00000080     main.obj (.text:GPIOBankPinMuxSet)
                  00000430    00000064     main.obj (.text:GPIOBankPinInit)
                  00000494    00000034     main.obj (.text:Delay)
                  000004c8    00000008     rtspruv1_le.lib : exit.c.obj (.text:abort)
                  000004d0    00000008                     : exit.c.obj (.text:loader_exit)

.cinit     0    00000000    00000000     UNINITIALIZED

.stack     1    00000000    00000080     UNINITIALIZED
                  00000000    00000004     rtspruv1_le.lib : boot.c.obj (.stack)
                  00000004    0000007c     --HOLE--

MODULE SUMMARY

       Module         code   ro data   rw data
       ------         ----   -------   -------
    .\
       main.obj       508    0         0      
    +--+--------------+------+---------+---------+
       Total:         508    0         0      
                                              
    ../../Library/Drivers/Debug/Drivers.lib
       gpio.obj       368    0         0      
       psc.obj        320    0         0      
    +--+--------------+------+---------+---------+
       Total:         688    0         0      
                                              
    C:\ti\ti-cgt-pru_2.3.3\lib\rtspruv1_le.lib
       boot.c.obj     28     0         0      
       exit.c.obj     16     0         0      
    +--+--------------+------+---------+---------+
       Total:         44     0         0      
                                              
       Stack:         0      0         128    
    +--+--------------+------+---------+---------+
       Grand Total:   1240   0         128    


SEGMENT ATTRIBUTES

    id tag      seg value
    -- ---      --- -----
     0 PHA_PAGE 1   1    


GLOBAL SYMBOLS: SORTED ALPHABETICALLY BY Name 

page  address   name                  
----  -------   ----                  
0     000004d0  C$$EXIT               
0     00000240  GPIODirModeSet        
0     00000304  GPIOPinWrite          
0     0000001c  PSCModuleControl      
1     00000080  __TI_STACK_END        
abs   00000080  __TI_STACK_SIZE       
abs   ffffffff  __c_args__            
0     00000000  _c_int00_noinit_noargs
1     00000000  _stack                
0     000004c8  abort                 
0     0000015c  main                  


GLOBAL SYMBOLS: SORTED BY Symbol Address 

page  address   name                  
----  -------   ----                  
0     00000000  _c_int00_noinit_noargs
0     0000001c  PSCModuleControl      
0     0000015c  main                  
0     00000240  GPIODirModeSet        
0     00000304  GPIOPinWrite          
0     000004c8  abort                 
0     000004d0  C$$EXIT               
1     00000000  _stack                
1     00000080  __TI_STACK_END        
abs   00000080  __TI_STACK_SIZE       
abs   ffffffff  __c_args__            

[11 symbols]
