******************************************************************************
                     PRU Linker PC v2.3.3                      
******************************************************************************
>> Linked Fri Apr  1 15:54:23 2022

OUTPUT FILE NAME:   <LEDMatrix.out>
ENTRY POINT SYMBOL: "_c_int00_noinit_noargs"  address: 00000000


MEMORY CONFIGURATION

         name            origin    length      used     unused   attr    fill
----------------------  --------  ---------  --------  --------  ----  --------
PAGE 0:
  PRUIRAM               00000000   00001000  000003d0  00000c30  RWIX

PAGE 1:
  PRUDRAM               00000000   00000200  00000140  000000c0  RWIX


SECTION ALLOCATION MAP

 output                                  attributes/
section   page    origin      length       input sections
--------  ----  ----------  ----------   ----------------
.text:_c_int00* 
*          0    00000000    0000001c     
                  00000000    0000001c     rtspruv1_le.lib : boot.c.obj (.text:_c_int00_noinit_noargs)

.text      0    0000001c    000003b4     
                  0000001c    00000100     main.obj (.text:WriteRGB)
                  0000011c    000000dc     Drivers.lib : gpio.obj (.text:GPIODirModeSet)
                  000001f8    0000009c     main.obj (.text:LEDMatrix)
                  00000294    00000048     main.obj (.text:main)
                  000002dc    00000038     main.obj (.text:IOClear)
                  00000314    00000038     main.obj (.text:IOSet)
                  0000034c    0000002c     main.obj (.text:Delay)
                  00000378    00000024     main.obj (.text:IOReset)
                  0000039c    00000024     rtspruv1_le.lib : mpyi.c.obj (.text:__pruabi_mpyi)
                  000003c0    00000008                     : exit.c.obj (.text:abort)
                  000003c8    00000008                     : exit.c.obj (.text:loader_exit)

.cinit     0    00000000    00000000     UNINITIALIZED

.stack     1    000000c0    00000080     UNINITIALIZED
                  000000c0    00000004     rtspruv1_le.lib : boot.c.obj (.stack)
                  000000c4    0000007c     --HOLE--

.data      1    00000000    000000c0     
                  00000000    000000c0     main.obj (.data:LEDMatrixRGB)

MODULE SUMMARY

       Module         code   ro data   rw data
       ------         ----   -------   -------
    .\
       main.obj       676    0         192    
    +--+--------------+------+---------+---------+
       Total:         676    0         192    
                                              
    ../../Library/Drivers/Debug/Drivers.lib
       gpio.obj       220    0         0      
    +--+--------------+------+---------+---------+
       Total:         220    0         0      
                                              
    C:\ti\ti-cgt-pru_2.3.3\lib\rtspruv1_le.lib
       mpyi.c.obj     36     0         0      
       boot.c.obj     28     0         0      
       exit.c.obj     16     0         0      
    +--+--------------+------+---------+---------+
       Total:         80     0         0      
                                              
       Stack:         0      0         128    
    +--+--------------+------+---------+---------+
       Grand Total:   976    0         320    


SEGMENT ATTRIBUTES

    id tag      seg value
    -- ---      --- -----
     0 PHA_PAGE 1   1    


GLOBAL SYMBOLS: SORTED ALPHABETICALLY BY Name 

page  address   name                  
----  -------   ----                  
0     000003c8  C$$EXIT               
0     0000034c  Delay                 
0     0000011c  GPIODirModeSet        
0     000002dc  IOClear               
0     00000378  IOReset               
0     00000314  IOSet                 
0     000001f8  LEDMatrix             
1     00000000  LEDMatrixRGB          
0     0000001c  WriteRGB              
1     00000140  __TI_STACK_END        
abs   00000080  __TI_STACK_SIZE       
abs   ffffffff  __c_args__            
0     0000039c  __pruabi_mpyi         
0     00000000  _c_int00_noinit_noargs
1     000000c0  _stack                
0     000003c0  abort                 
0     00000294  main                  


GLOBAL SYMBOLS: SORTED BY Symbol Address 

page  address   name                  
----  -------   ----                  
0     00000000  _c_int00_noinit_noargs
0     0000001c  WriteRGB              
0     0000011c  GPIODirModeSet        
0     000001f8  LEDMatrix             
0     00000294  main                  
0     000002dc  IOClear               
0     00000314  IOSet                 
0     0000034c  Delay                 
0     00000378  IOReset               
0     0000039c  __pruabi_mpyi         
0     000003c0  abort                 
0     000003c8  C$$EXIT               
1     00000000  LEDMatrixRGB          
1     000000c0  _stack                
1     00000140  __TI_STACK_END        
abs   00000080  __TI_STACK_SIZE       
abs   ffffffff  __c_args__            

[17 symbols]
