******************************************************************************
                     PRU Linker PC v2.3.3                      
******************************************************************************
>> Linked Mon Apr 25 20:19:04 2022

OUTPUT FILE NAME:   <AD9833.out>
ENTRY POINT SYMBOL: "_c_int00_noinit_noargs"  address: 00000000


MEMORY CONFIGURATION

         name            origin    length      used     unused   attr    fill
----------------------  --------  ---------  --------  --------  ----  --------
PAGE 0:
  PRUIRAM               00000000   00001000  00000c9c  00000364  RWIX

PAGE 1:
  PRUDRAM               00000000   00000200  00000089  00000177  RWIX


SECTION ALLOCATION MAP

 output                                  attributes/
section   page    origin      length       input sections
--------  ----  ----------  ----------   ----------------
.text:_c_int00* 
*          0    00000000    0000001c     
                  00000000    0000001c     rtspruv1_le.lib : boot.c.obj (.text:_c_int00_noinit_noargs)

.text      0    0000001c    00000c80     
                  0000001c    00000360     rtspruv1_le.lib : frcmpyd.c.obj (.text:__TI_frcmpyd)
                  0000037c    00000220                     : mpyd.c.obj (.text:__pruabi_mpyd)
                  0000059c    00000154     main.obj (.text:AD9833Output)
                  000006f0    0000011c     main.obj (.text:SoftSPIWrite)
                  0000080c    000000c4     Drivers.lib : gpio.obj (.text:GPIODirModeSet)
                  000008d0    000000bc     rtspruv1_le.lib : cvtdf.c.obj (.text:__pruabi_cvtdf)
                  0000098c    000000ac     Drivers.lib : gpio.obj (.text:GPIOPinWrite)
                  00000a38    00000098     rtspruv1_le.lib : fixfu.c.obj (.text:__pruabi_fixfu)
                  00000ad0    00000084     main.obj (.text:main)
                  00000b54    00000060     rtspruv1_le.lib : fltud.c.obj (.text:__pruabi_fltud)
                  00000bb4    00000050     main.obj (.text:GPIOBankPinInit)
                  00000c04    00000034     main.obj (.text:Delay)
                  00000c38    00000030     main.obj (.text:GPIOBankPinMuxSet)
                  00000c68    00000024     rtspruv1_le.lib : mpyi.c.obj (.text:__pruabi_mpyi)
                  00000c8c    00000008                     : exit.c.obj (.text:abort)
                  00000c94    00000008                     : exit.c.obj (.text:loader_exit)

.cinit     0    00000000    00000000     UNINITIALIZED

.stack     1    0000000c    00000080     UNINITIALIZED
                  0000000c    00000004     rtspruv1_le.lib : boot.c.obj (.stack)
                  00000010    0000007c     --HOLE--

.SHARE     1    00000000    00000009     UNINITIALIZED
                  00000000    00000009     main.obj (.SHARE)

MODULE SUMMARY

       Module          code   ro data   rw data
       ------          ----   -------   -------
    .\
       main.obj        936    0         9      
    +--+---------------+------+---------+---------+
       Total:          936    0         9      
                                               
    ../../Library/Drivers/Debug/Drivers.lib
       gpio.obj        368    0         0      
    +--+---------------+------+---------+---------+
       Total:          368    0         0      
                                               
    C:\ti\ti-cgt-pru_2.3.3\lib\rtspruv1_le.lib
       frcmpyd.c.obj   864    0         0      
       mpyd.c.obj      544    0         0      
       cvtdf.c.obj     188    0         0      
       fixfu.c.obj     152    0         0      
       fltud.c.obj     96     0         0      
       mpyi.c.obj      36     0         0      
       boot.c.obj      28     0         0      
       exit.c.obj      16     0         0      
    +--+---------------+------+---------+---------+
       Total:          1924   0         0      
                                               
       Stack:          0      0         128    
    +--+---------------+------+---------+---------+
       Grand Total:    3228   0         137    


SEGMENT ATTRIBUTES

    id tag      seg value
    -- ---      --- -----
     0 PHA_PAGE 1   1    
     1 PHA_PAGE 2   1    


GLOBAL SYMBOLS: SORTED ALPHABETICALLY BY Name 

page  address   name                  
----  -------   ----                  
0     0000059c  AD9833Output          
0     00000c94  C$$EXIT               
0     0000080c  GPIODirModeSet        
0     0000098c  GPIOPinWrite          
0     000006f0  SoftSPIWrite          
1     0000008c  __TI_STACK_END        
abs   00000080  __TI_STACK_SIZE       
0     0000001c  __TI_frcmpyd          
abs   ffffffff  __c_args__            
0     000008d0  __pruabi_cvtdf        
0     00000a38  __pruabi_fixfu        
0     00000b54  __pruabi_fltud        
0     0000037c  __pruabi_mpyd         
0     00000c68  __pruabi_mpyi         
0     00000000  _c_int00_noinit_noargs
1     0000000c  _stack                
0     00000c8c  abort                 
1     00000000  cfg                   
0     00000ad0  main                  


GLOBAL SYMBOLS: SORTED BY Symbol Address 

page  address   name                  
----  -------   ----                  
0     00000000  _c_int00_noinit_noargs
0     0000001c  __TI_frcmpyd          
0     0000037c  __pruabi_mpyd         
0     0000059c  AD9833Output          
0     000006f0  SoftSPIWrite          
0     0000080c  GPIODirModeSet        
0     000008d0  __pruabi_cvtdf        
0     0000098c  GPIOPinWrite          
0     00000a38  __pruabi_fixfu        
0     00000ad0  main                  
0     00000b54  __pruabi_fltud        
0     00000c68  __pruabi_mpyi         
0     00000c8c  abort                 
0     00000c94  C$$EXIT               
1     00000000  cfg                   
1     0000000c  _stack                
1     0000008c  __TI_STACK_END        
abs   00000080  __TI_STACK_SIZE       
abs   ffffffff  __c_args__            

[19 symbols]
