******************************************************************************
                     PRU Linker PC v2.3.3                      
******************************************************************************
>> Linked Mon Apr 25 12:04:43 2022

OUTPUT FILE NAME:   <KEY.out>
ENTRY POINT SYMBOL: "_c_int00_noinit_noargs"  address: 00000000


MEMORY CONFIGURATION

         name            origin    length      used     unused   attr    fill
----------------------  --------  ---------  --------  --------  ----  --------
PAGE 0:
  PRUIRAM               00000000   00001000  00000aec  00000514  RWIX

PAGE 1:
  PRUDRAM               00000000   00000200  00000080  00000180  RWIX


SECTION ALLOCATION MAP

 output                                  attributes/
section   page    origin      length       input sections
--------  ----  ----------  ----------   ----------------
.text:_c_int00* 
*          0    00000000    0000001c     
                  00000000    0000001c     rtspruv1_le.lib : boot.c.obj (.text:_c_int00_noinit_noargs)

.text      0    0000001c    00000ad0     
                  0000001c    000001f8     Drivers.lib : gpio.obj (.text:GPIOIntTypeSet)
                  00000214    00000140                 : psc.obj (.text:PSCModuleControl)
                  00000354    00000138     Interrupt.lib : interrupt.obj (.text:IntEventMap)
                  0000048c    00000120     main.obj (.text:main)
                  000005ac    000000c4     Drivers.lib : gpio.obj (.text:GPIODirModeSet)
                  00000670    000000ac                 : gpio.obj (.text:GPIOPinWrite)
                  0000071c    00000098     main.obj (.text:GPIOBankPinMuxSet)
                  000007b4    00000088     main.obj (.text:GPIOBankPinInit)
                  0000083c    00000080     Drivers.lib : gpio.obj (.text:GPIOPinIntStatus)
                  000008bc    0000006c                 : gpio.obj (.text:GPIOPinIntClear)
                  00000928    0000004c     main.obj (.text:InterruptInit)
                  00000974    00000044     Drivers.lib : gpio.obj (.text:GPIOBankIntEnable)
                  000009b8    00000038     Interrupt.lib : interrupt.obj (.text:IntHostIntStatusGet)
                  000009f0    00000034     main.obj (.text:Delay)
                  00000a24    00000034     Interrupt.lib : interrupt.obj (.text:IntEventGroupSet)
                  00000a58    00000020                   : interrupt.obj (.text:IntEventEnable)
                  00000a78    00000020                   : interrupt.obj (.text:IntHostEnable)
                  00000a98    00000020                   : interrupt.obj (.text:IntSystemEventClear)
                  00000ab8    00000014                   : interrupt.obj (.text:IntGlobalEnable)
                  00000acc    00000010                   : interrupt.obj (.text:IntHostStatusClear)
                  00000adc    00000008     rtspruv1_le.lib : exit.c.obj (.text:abort)
                  00000ae4    00000008                     : exit.c.obj (.text:loader_exit)

.cinit     0    00000000    00000000     UNINITIALIZED

.stack     1    00000000    00000080     UNINITIALIZED
                  00000000    00000004     rtspruv1_le.lib : boot.c.obj (.stack)
                  00000004    0000007c     --HOLE--

MODULE SUMMARY

       Module          code   ro data   rw data
       ------          ----   -------   -------
    .\
       main.obj        704    0         0      
    +--+---------------+------+---------+---------+
       Total:          704    0         0      
                                               
    ../../Library/Drivers/Debug/Drivers.lib
       gpio.obj        1176   0         0      
       psc.obj         320    0         0      
    +--+---------------+------+---------+---------+
       Total:          1496   0         0      
                                               
    ../../Library/Interrupt/Debug/Interrupt.lib
       interrupt.obj   552    0         0      
    +--+---------------+------+---------+---------+
       Total:          552    0         0      
                                               
    C:\ti\ti-cgt-pru_2.3.3\lib\rtspruv1_le.lib
       boot.c.obj      28     0         0      
       exit.c.obj      16     0         0      
    +--+---------------+------+---------+---------+
       Total:          44     0         0      
                                               
       Stack:          0      0         128    
    +--+---------------+------+---------+---------+
       Grand Total:    2796   0         128    


SEGMENT ATTRIBUTES

    id tag      seg value
    -- ---      --- -----
     0 PHA_PAGE 1   1    


GLOBAL SYMBOLS: SORTED ALPHABETICALLY BY Name 

page  address   name                  
----  -------   ----                  
0     00000ae4  C$$EXIT               
0     00000974  GPIOBankIntEnable     
0     000005ac  GPIODirModeSet        
0     0000001c  GPIOIntTypeSet        
0     000008bc  GPIOPinIntClear       
0     0000083c  GPIOPinIntStatus      
0     00000670  GPIOPinWrite          
0     00000a58  IntEventEnable        
0     00000a24  IntEventGroupSet      
0     00000354  IntEventMap           
0     00000ab8  IntGlobalEnable       
0     00000a78  IntHostEnable         
0     000009b8  IntHostIntStatusGet   
0     00000acc  IntHostStatusClear    
0     00000a98  IntSystemEventClear   
0     00000928  InterruptInit         
0     00000214  PSCModuleControl      
1     00000080  __TI_STACK_END        
abs   00000080  __TI_STACK_SIZE       
abs   ffffffff  __c_args__            
0     00000000  _c_int00_noinit_noargs
1     00000000  _stack                
0     00000adc  abort                 
0     0000048c  main                  


GLOBAL SYMBOLS: SORTED BY Symbol Address 

page  address   name                  
----  -------   ----                  
0     00000000  _c_int00_noinit_noargs
0     0000001c  GPIOIntTypeSet        
0     00000214  PSCModuleControl      
0     00000354  IntEventMap           
0     0000048c  main                  
0     000005ac  GPIODirModeSet        
0     00000670  GPIOPinWrite          
0     0000083c  GPIOPinIntStatus      
0     000008bc  GPIOPinIntClear       
0     00000928  InterruptInit         
0     00000974  GPIOBankIntEnable     
0     000009b8  IntHostIntStatusGet   
0     00000a24  IntEventGroupSet      
0     00000a58  IntEventEnable        
0     00000a78  IntHostEnable         
0     00000a98  IntSystemEventClear   
0     00000ab8  IntGlobalEnable       
0     00000acc  IntHostStatusClear    
0     00000adc  abort                 
0     00000ae4  C$$EXIT               
1     00000000  _stack                
1     00000080  __TI_STACK_END        
abs   00000080  __TI_STACK_SIZE       
abs   ffffffff  __c_args__            

[24 symbols]
