******************************************************************************
                     PRU Linker PC v2.3.3                      
******************************************************************************
>> Linked Sat Apr 30 20:15:16 2022

OUTPUT FILE NAME:   <LEDNixie_IO.out>
ENTRY POINT SYMBOL: "_c_int00_noinit_noargs"  address: 00000000


MEMORY CONFIGURATION

         name            origin    length      used     unused   attr    fill
----------------------  --------  ---------  --------  --------  ----  --------
PAGE 0:
  PRUIRAM               00000000   00001000  0000068c  00000974  RWIX

PAGE 1:
  PRUDRAM               00000000   00000200  00000090  00000170  RWIX


SECTION ALLOCATION MAP

 output                                  attributes/
section   page    origin      length       input sections
--------  ----  ----------  ----------   ----------------
.text:_c_int00* 
*          0    00000000    0000001c     
                  00000000    0000001c     rtspruv1_le.lib : boot.c.obj (.text:_c_int00_noinit_noargs)

.text      0    0000001c    00000670     
                  0000001c    00000184     main.obj (.text:LEDNixieDisplay)
                  000001a0    00000140     Drivers.lib : psc.obj (.text:PSCModuleControl)
                  000002e0    00000104     main.obj (.text:GPIOBankPinInit)
                  000003e4    000000c4     Drivers.lib : gpio.obj (.text:GPIODirModeSet)
                  000004a8    000000ac                 : gpio.obj (.text:GPIOPinWrite)
                  00000554    0000007c     main.obj (.text:main)
                  000005d0    00000078     main.obj (.text:GPIOBankPinMuxSet)
                  00000648    00000034     main.obj (.text:Delay)
                  0000067c    00000008     rtspruv1_le.lib : exit.c.obj (.text:abort)
                  00000684    00000008                     : exit.c.obj (.text:loader_exit)

.cinit     0    00000000    00000000     UNINITIALIZED

.stack     1    00000000    00000080     UNINITIALIZED
                  00000000    00000004     rtspruv1_le.lib : boot.c.obj (.stack)
                  00000004    0000007c     --HOLE--

.data      1    00000080    00000010     
                  00000080    00000010     main.obj (.data:SEGVal)

MODULE SUMMARY

       Module         code   ro data   rw data
       ------         ----   -------   -------
    .\
       main.obj       944    0         16     
    +--+--------------+------+---------+---------+
       Total:         944    0         16     
                                              
    ../../Library/Drivers/Debug/Drivers.lib
       gpio.obj       368    0         0      
       psc.obj        320    0         0      
    +--+--------------+------+---------+---------+
       Total:         688    0         0      
                                              
    C:\ti\ti-cgt-pru_2.3.3\lib\rtspruv1_le.lib
       boot.c.obj     28     0         0      
       exit.c.obj     16     0         0      
    +--+--------------+------+---------+---------+
       Total:         44     0         0      
                                              
       Stack:         0      0         128    
    +--+--------------+------+---------+---------+
       Grand Total:   1676   0         144    


SEGMENT ATTRIBUTES

    id tag      seg value
    -- ---      --- -----
     0 PHA_PAGE 1   1    
     1 PHA_PAGE 2   1    


GLOBAL SYMBOLS: SORTED ALPHABETICALLY BY Name 

page  address   name                  
----  -------   ----                  
0     00000684  C$$EXIT               
0     000003e4  GPIODirModeSet        
0     000004a8  GPIOPinWrite          
0     0000001c  LEDNixieDisplay       
0     000001a0  PSCModuleControl      
1     00000080  SEGVal                
1     00000080  __TI_STACK_END        
abs   00000080  __TI_STACK_SIZE       
abs   ffffffff  __c_args__            
0     00000000  _c_int00_noinit_noargs
1     00000000  _stack                
0     0000067c  abort                 
0     00000554  main                  


GLOBAL SYMBOLS: SORTED BY Symbol Address 

page  address   name                  
----  -------   ----                  
0     00000000  _c_int00_noinit_noargs
0     0000001c  LEDNixieDisplay       
0     000001a0  PSCModuleControl      
0     000003e4  GPIODirModeSet        
0     000004a8  GPIOPinWrite          
0     00000554  main                  
0     0000067c  abort                 
0     00000684  C$$EXIT               
1     00000000  _stack                
1     00000080  SEGVal                
1     00000080  __TI_STACK_END        
abs   00000080  __TI_STACK_SIZE       
abs   ffffffff  __c_args__            

[13 symbols]
